// Jest Snapshot v1, https://goo.gl/fbAQLP

exports[`Bucket > Section renders correctly with all props 1`] = `
<section
  className="b-section b-section--shallow"
>
  <header
    className="b-section__header"
  >
    <h2>
      Section title
    </h2>
    <p>
      Nulla leo odio, ullamcorper vel enim sed, maximus pretium sapien. Duis a augue pharetra ex 
      <strong>
        consequat ultrices.
      </strong>
    </p>
  </header>
  Test
  <footer
    className="b-section__footer"
  >
    <h3>
      Sign up today!
    </h3>
    <ul
      className="u-list-horizontal u-list-horizontal--center"
    >
      <li>
        <a>
          Link 1
        </a>
      </li>
      <li>
        <a>
          Link 2
        </a>
      </li>
    </ul>
  </footer>
</section>
`;

exports[`Bucket > Section renders correctly without any props 1`] = `
<section
  className="b-section "
>
  Test
</section>
`;
