// Jest Snapshot v1, https://goo.gl/fbAQLP

exports[`Bucket: Grid renders correctly with all props 1`] = `
.c0 {
  display: grid;
}

@media (max-width:480px) {
  .c0 {
    grid-template-columns: 1fr;
    grid-gap: var(--gutter);
  }
}

@media (min-width:481px) and (max-width:1023px) {
  .c0 {
    grid-template-columns: 1fr 1fr;
    grid-gap: var(--gutter);
  }
}

@media (min-width:1024px) and (max-width:1440px) {
  .c0 {
    grid-template-columns: 1fr 1fr;
    grid-gap: var(--gutter-medium);
  }
}

@media (min-width:1441px) {
  .c0 {
    grid-template-columns: 1fr 1fr;
    grid-gap: var(--gutter-medium);
  }
}

<div
  className="c0"
>
  <div>
    col 1
  </div>
  <div>
    col 2
  </div>
</div>
`;

exports[`Bucket: Grid renders correctly without any props 1`] = `
.c0 {
  display: grid;
}

@media (max-width:480px) {
  .c0 {
    grid-template-columns: 1fr;
    grid-gap: var(--gutter);
  }
}

@media (min-width:481px) and (max-width:1023px) {
  .c0 {
    grid-template-columns: 1fr 1fr;
    grid-gap: var(--gutter);
  }
}

@media (min-width:1024px) and (max-width:1440px) {
  .c0 {
    grid-template-columns: 1fr 1fr;
    grid-gap: var(--gutter-medium);
  }
}

@media (min-width:1441px) {
  .c0 {
    grid-template-columns: 1fr 1fr;
    grid-gap: var(--gutter-medium);
  }
}

<div
  className="c0"
>
  <div>
    col 1
  </div>
  <div>
    col 2
  </div>
</div>
`;
