// Jest Snapshot v1, https://goo.gl/fbAQLP

exports[`Bucket: Toolbar renders correctly with all props 1`] = `
<header
  className="src__header-traaidmark-konstruct__sc-1deq5vu-0 bAaFjq"
>
  <div
    className="src__content-traaidmark-konstruct__sc-1deq5vu-2 fCWMiP"
  >
    <h3>
      Why we are so great
    </h3>
    <p>
      Nulla leo odio, ullamcorper vel enim sed, maximus pretium sapien.
    </p>
  </div>
  <nav
    className="src__actions-traaidmark-konstruct__sc-1deq5vu-1 iVdBHu"
  >
    <ul>
      <li>
        <a>
          Sign Up now
        </a>
      </li>
      <li>
        <a>
          Do this other thing
        </a>
      </li>
    </ul>
  </nav>
</header>
`;

exports[`Bucket: Toolbar renders correctly without any props 1`] = `
<header
  className="src__header-traaidmark-konstruct__sc-1deq5vu-0 bAaFjq"
>
  <div
    className="src__content-traaidmark-konstruct__sc-1deq5vu-2 fCWMiP"
  />
</header>
`;
