// Jest Snapshot v1, https://goo.gl/fbAQLP

exports[`Media: Gallery renders correctly with all props 1`] = `
<figure
  className="src__gallery-traaidmark-konstruct__sc-1g0eq6t-0 cDnwMa"
>
  <div
    className="src__image-traaidmark-konstruct__sc-1g0eq6t-2 bGMStK"
  >
    <img
      src="https://s3.eu-central-1.amazonaws.com/api-documents-service-public-prd/c9aa14dd-faf1-498c-95e0-e7a960fa5fa2.jpg"
    />
  </div>
  <ul
    className="src__thumbnails-traaidmark-konstruct__sc-1g0eq6t-1 esWEpN"
  >
    <li>
      <button
        isActive={true}
        onClick={[Function]}
        type="button"
      >
        <img
          alt="gallery-thumbnails-0"
          src="https://s3.eu-central-1.amazonaws.com/api-documents-service-public-prd/c9aa14dd-faf1-498c-95e0-e7a960fa5fa2.jpg"
        />
      </button>
    </li>
    <li>
      <button
        isActive={false}
        onClick={[Function]}
        type="button"
      >
        <img
          alt="gallery-thumbnails-1"
          src="https://s3.eu-central-1.amazonaws.com/api-documents-service-public-prd/3c5bf569-6bab-42a8-9106-715932ad8c0d.jpg"
        />
      </button>
    </li>
    <li>
      <button
        isActive={false}
        onClick={[Function]}
        type="button"
      >
        <img
          alt="gallery-thumbnails-2"
          src="https://s3.eu-central-1.amazonaws.com/api-documents-service-public-prd/d27c20af-2724-4ba0-8f44-90a5da719039.jpg"
        />
      </button>
    </li>
    <li>
      <button
        isActive={false}
        onClick={[Function]}
        type="button"
      >
        <img
          alt="gallery-thumbnails-3"
          src="https://s3.eu-central-1.amazonaws.com/api-documents-service-public-prd/e8703d4a-7485-4d66-b976-e69c842d4037.jpg"
        />
      </button>
    </li>
    <li>
      <button
        isActive={false}
        onClick={[Function]}
        type="button"
      >
        <img
          alt="gallery-thumbnails-4"
          src="https://s3.eu-central-1.amazonaws.com/api-documents-service-public-prd/560afd67-11b6-49b0-952e-a528e27cba8a.jpg"
        />
      </button>
    </li>
    <li>
      <button
        isActive={false}
        onClick={[Function]}
        type="button"
      >
        <img
          alt="gallery-thumbnails-5"
          src="https://s3.eu-central-1.amazonaws.com/api-documents-service-public-prd/46304cf5-87dc-454e-b86a-7ab90f67a083.jpg"
        />
      </button>
    </li>
  </ul>
</figure>
`;

exports[`Media: Gallery renders correctly without any props 1`] = `
<figure
  className="src__gallery-traaidmark-konstruct__sc-1g0eq6t-0 cDnwMa"
>
  <div
    className="src__image-traaidmark-konstruct__sc-1g0eq6t-2 bGMStK"
  >
    <img />
  </div>
</figure>
`;
