// Jest Snapshot v1, https://goo.gl/fbAQLP

exports[`Parts: Flag renders correctly with all props 1`] = `
.c0 {
  --flag-radius: var(--radius-small);
  --flag-info-background-color: var(--color-blue);
  --flag-info-text-color: var(--color-darker);
  --flag-new-background-color: var(--color-green);
  --flag-new-text-color: var(--color-darker);
  --flag-warning-background-color: var(--color-orange);
  --flag-warning-text-color: var(--color-darker);
  --flag-error-background-color: var(--color-red);
  --flag-error-text-color: var(--color-darker);
  font-size: var(--font-small-size);
  line-height: var(--font-small-lineHeight);
  font-weight: var(--weight-bold);
  background-color: var(--flag-info-background-color)!important;
  color: var(--flag-info-text-color)!important;
  padding: 2px var(--gutter-small);
  border-radius: var(--flag-radius);
}

<span
  className="c0"
>
  usd
</span>
`;

exports[`Parts: Flag renders correctly without any props 1`] = `null`;
