// Jest Snapshot v1, https://goo.gl/fbAQLP

exports[`Bucket: Block renders correctly with all props 1`] = `
<aside
  className="src__block-traaidmark-konstruct__teu5le-0 cnEMcB"
>
  <header
    className="src__header-traaidmark-konstruct__teu5le-1 kfezzr"
  >
    <h4>
      Why we are so great
    </h4>
    <nav
      className="src__actions-traaidmark-konstruct__teu5le-2 ktlJCB"
    >
      <ul>
        <li>
          <a>
            One
          </a>
        </li>
        <li>
          <a>
            Two
          </a>
        </li>
      </ul>
    </nav>
  </header>
  <div
    className="src__content-traaidmark-konstruct__teu5le-3 gnIYhT"
  >
    <p>
      Hello world
    </p>
  </div>
</aside>
`;

exports[`Bucket: Block renders correctly without any props 1`] = `
<aside
  className="src__block-traaidmark-konstruct__teu5le-0 cnEMcB"
>
  <div
    className="src__content-traaidmark-konstruct__teu5le-3 gnIYhT"
  />
</aside>
`;
