// Jest Snapshot v1, https://goo.gl/fbAQLP

exports[`Foundation renders correctly 1`] = `"Test"`;
