// Jest Snapshot v1, https://goo.gl/fbAQLP

exports[`Part: Card renders correctly with all props 1`] = `
<aside
  className="p-notification "
>
  <figure
    className="p-notification__icon"
  >
    <img
      alt="notification icon"
      src="https://s3.amazonaws.com/assets.wealthpoint.app/images/icons/cat-risk-core.svg"
    />
  </figure>
  <p>
    In et sollicitudin dolor. Integer ut eleifend libero. Integer nec tellus a turpis porta posuere a non justo. Curabitur consequat sit amet augue ut aliquam. Quisque eu 
    <a>
      lobortis nibh
    </a>
    , vitae fringilla dolor.
  </p>
</aside>
`;

exports[`Part: Card renders correctly without any props 1`] = `
<aside
  className="p-notification "
/>
`;
