// Jest Snapshot v1, https://goo.gl/fbAQLP

exports[`Parts: Card renders correctly with all props 1`] = `
<article
  className="src__card-traaidmark-konstruct__sc-1ghofyv-0 fAEKYG"
>
  <figure
    className="src__image-traaidmark-konstruct__sc-1ghofyv-1 jqwhtH"
  >
    <img
      alt="This is a neat title for a card."
      src="https://source.unsplash.com/500x250/?workbench"
    />
  </figure>
  <div
    className="src__container-traaidmark-konstruct__sc-1ghofyv-2 znftg"
  >
    <div
      className="src__content-traaidmark-konstruct__sc-1ghofyv-3 jLaPMx"
    >
      <h3>
        This is a neat title for a card.
      </h3>
      <p>
        Lorem ipsum dolor sit amet, consectetur adipiscing elit. Suspendisse at lorem mi. Nullam ornare purus quis mauris venenatis, vitae consequat mauris interdum.
      </p>
    </div>
    <ul
      className="src__meta-traaidmark-konstruct__sc-1ghofyv-4 elUXSZ"
    >
      <li>
        30 Minutes ago...
      </li>
      <li>
        Uncategorised
      </li>
      <li>
        Adrian Kirsten
      </li>
    </ul>
    <ul
      className="src__footer-traaidmark-konstruct__sc-1ghofyv-5 fenBVl"
    >
      <li>
        <a>
          Click here!
        </a>
      </li>
    </ul>
  </div>
</article>
`;

exports[`Parts: Card renders correctly without any props 1`] = `
<article
  className="src__card-traaidmark-konstruct__sc-1ghofyv-0 fAEKYG"
>
  <div
    className="src__container-traaidmark-konstruct__sc-1ghofyv-2 hhXSDh"
  >
    <div
      className="src__content-traaidmark-konstruct__sc-1ghofyv-3 jLaPMx"
    />
  </div>
</article>
`;
